RAM Allocation [bytes]
Variable                                                                          Address   Size
------------------------------------------------------------------------------------------------
cursor                                                                            0x0300       1
PacMan1                                                                           0x0301       8
PacMan2                                                                           0x0309       8
PacMan3                                                                           0x0311       8
PacMan4                                                                           0x0319       8
i                                                                                 0x0321       1

EEPROM Allocation [bytes]
Variable                                                                          Address   Size
------------------------------------------------------------------------------------------------

Register Allocation
Variable                                                                          Register  Size
------------------------------------------------------------------------------------------------

FLASH Allocation [words]
Function                                                                          Address   Size
------------------------------------------------------------------------------------------------
SetupLCD                                                                          0x00089     43
PulseEn                                                                           0x000B4      3
SendDataBitsLCD                                                                   0x000B7     23
WriteComandLCD                                                                    0x000CE      5
CharLCD                                                                           0x000D3     27
StringLCD                                                                         0x000EE     20
MoveCursor                                                                        0x00102     36
CreateChar                                                                        0x00126     26
read_adc                                                                          0x00140     29
delayPacMan                                                                       0x0015D      5
main                                                                              0x00162    106
